
> merge@0.1.0 build
> next build --turbopack

   ▲ Next.js 15.5.3 (Turbopack)
   - Environments: .env
   - Experiments (use with caution):
     · serverActions

   Creating an optimized production build ...
